// Jest Snapshot v1, https://goo.gl/fbAQLP

exports[`Sign In renders 1`] = `""`;
