// Jest Snapshot v1, https://goo.gl/fbAQLP

exports[`TextFieldWithEnterToSubmit renders 1`] = `
<TextField
  onChange={[Function]}
  onKeyPress={[Function]}
  required={false}
  select={false}
  value=""
  variant="standard"
/>
`;
