// Jest Snapshot v1, https://goo.gl/fbAQLP

exports[`Settings page Renders Authenticated 1`] = `<ChangeUsernameComponent />`;

exports[`Settings page Renders Unauthenticated 1`] = `<div />`;
