// Jest Snapshot v1, https://goo.gl/fbAQLP

exports[`Page Context creates new client 1`] = `
Object {
  "generateClassName": undefined,
  "sheetsManager": Map {},
  "sheetsRegistry": mockConstructor {},
  "theme": undefined,
}
`;

exports[`Page Context creates new server 1`] = `
Object {
  "generateClassName": undefined,
  "sheetsManager": Map {},
  "sheetsRegistry": mockConstructor {},
  "theme": undefined,
}
`;
